// Vitest Snapshot v1

exports[`Card > should render correctly 1`] = `
<div>
  <div
    class="flex flex-col justify-center items-center bg-white bg-opacity-50 rounded-lg shadow-md truncate h-64 w-80"
  >
    <img
      alt="The Lord of the Rings: The Fellowship of the Ring"
      class="h-32 w-32 object-cover shadow-lg"
      data-nimg="1"
      decoding="async"
      height="200"
      loading="lazy"
      src="/_next/image?url=https%3A%2F%2Fm.media-amazon.com%2Fimages%2FM%2FMV5BMTMwNjQ5NjQxN15BMl5BanBnXkFtZTgwNjQ2NjUyMjE%40._V1_SX300.jpg&w=640&q=75"
      srcset="/_next/image?url=https%3A%2F%2Fm.media-amazon.com%2Fimages%2FM%2FMV5BMTMwNjQ5NjQxN15BMl5BanBnXkFtZTgwNjQ2NjUyMjE%40._V1_SX300.jpg&w=256&q=75 1x, /_next/image?url=https%3A%2F%2Fm.media-amazon.com%2Fimages%2FM%2FMV5BMTMwNjQ5NjQxN15BMl5BanBnXkFtZTgwNjQ2NjUyMjE%40._V1_SX300.jpg&w=640&q=75 2x"
      style="color: transparent;"
      width="200"
    />
    <div
      class="flex flex-col justify-center items-center"
    >
      <p
        class="text-xl font-medium truncate max-w-xs text-purple-700 m-4 px-6"
      >
        The Lord of the Rings: The Fellowship of the Ring
      </p>
      <p
        class="text-sm font-medium text-purple-400"
      >
        2001
      </p>
    </div>
  </div>
</div>
`;
